// Jest Snapshot v1, https://goo.gl/fbAQLP

exports[`Carousels Test Redering Properly with prop values 1`] = `
<Bootstrap(undefined)
  data-test="carouselComponent"
>
  <CarouselItem
    data-test="carouselItemComponent"
    key="testBuilding"
  >
    <img
      alt="testAltBuilding"
      className="d-block mx-auto"
      data-test="ImgComponent"
      src="dummypath"
    />
  </CarouselItem>
</Bootstrap(undefined)>
`;
